cogito	v.1.s.p.i.a.-.-.-
ergo	d.-.-.-.-.-.-.-.-
sum	v.1.s.p.i.a.-.-.-

